\BOOKMARK [0][-]{chapter*.1}{\376\377\144\130\211\201}{}% 1
\BOOKMARK [0][-]{chapter.1}{\376\377\173\054\116\000\172\340\000\040\000\040\230\171\166\356\200\314\146\157\116\016\166\356\150\007}{}% 2
\BOOKMARK [1][-]{section.1.1}{\376\377\0001\000.\0001\000\040\230\171\166\356\133\232\117\115}{chapter.1}% 3
\BOOKMARK [1][-]{section.1.2}{\376\377\0001\000.\0002\000\040\135\345\116\032\135\341\150\300\166\204\227\000\154\102\116\016\165\333\160\271}{chapter.1}% 4
\BOOKMARK [1][-]{section.1.3}{\376\377\0001\000.\0003\000\040\145\077\173\126\116\016\142\200\147\057\200\314\146\157}{chapter.1}% 5
\BOOKMARK [1][-]{section.1.4}{\376\377\0001\000.\0004\000\040\166\356\150\007\225\356\230\230\133\232\116\111}{chapter.1}% 6
\BOOKMARK [1][-]{section.1.5}{\376\377\0001\000.\0005\000\040\141\017\116\111\116\016\116\367\120\074}{chapter.1}% 7
\BOOKMARK [0][-]{chapter.2}{\376\377\173\054\116\214\172\340\000\040\000\040\174\373\176\337\140\073\117\123\213\276\213\241}{}% 8
\BOOKMARK [1][-]{section.2.1}{\376\377\0002\000.\0001\000\040\213\276\213\241\123\237\122\031}{chapter.2}% 9
\BOOKMARK [2][-]{subsection.2.1.1}{\376\377\0002\000.\0001\000.\0001\000\040\126\375\116\247\201\352\116\073\116\016\226\366\131\026\220\350\117\235\215\126}{section.2.1}% 10
\BOOKMARK [2][-]{subsection.2.1.2}{\376\377\0002\000.\0001\000.\0002\000\040\211\306\211\311\116\016\133\374\202\052\211\343\200\046}{section.2.1}% 11
\BOOKMARK [1][-]{section.2.2}{\376\377\0002\000.\0002\000\040\174\373\176\337\140\073\117\123\147\266\147\204}{chapter.2}% 12
\BOOKMARK [1][-]{section.2.3}{\376\377\0002\000.\0003\000\040\116\011\131\047\137\002\147\204\202\202\160\271\166\204\200\114\215\043}{chapter.2}% 13
\BOOKMARK [1][-]{section.2.4}{\376\377\0002\000.\0004\000\040\126\333\134\102\220\032\117\341\145\271\137\017}{chapter.2}% 14
\BOOKMARK [1][-]{section.2.5}{\376\377\0002\000.\0005\000\040\172\357\122\060\172\357\116\373\122\241\155\101\172\013}{chapter.2}% 15
\BOOKMARK [1][-]{section.2.6}{\376\377\0002\000.\0006\000\040\121\163\225\056\142\200\147\057\220\011\127\213}{chapter.2}% 16
\BOOKMARK [0][-]{chapter.3}{\376\377\173\054\116\011\172\340\000\040\000\040\170\154\116\366\136\163\123\360\116\016\174\373\176\337\220\350\177\162}{}% 17
\BOOKMARK [1][-]{section.3.1}{\376\377\0003\000.\0001\000\040\145\164\217\146\170\154\116\366\176\304\142\020}{chapter.3}% 18
\BOOKMARK [1][-]{section.3.2}{\376\377\0003\000.\0002\000\040\217\320\122\250\116\073\143\247\000\040\000P\000u\000r\000p\000l\000e\000\040\000P\000i\000\040\000O\000H}{chapter.3}% 19
\BOOKMARK [1][-]{section.3.3}{\376\377\0003\000.\0003\000\040\211\306\211\311\123\125\121\103\000\040\231\231\152\131\155\076\000\040\000A\000I\000\040\000P\000r\000o}{chapter.3}% 20
\BOOKMARK [1][-]{section.3.4}{\376\377\0003\000.\0004\000\040\000R\000P\000L\000I\000D\000A\000R\000\040\000A\0002\000M\0008\000\040\157\300\121\111\226\367\217\276}{chapter.3}% 21
\BOOKMARK [1][-]{section.3.5}{\376\377\0003\000.\0005\000\040\165\065\147\072\060\001\232\161\122\250\147\177\116\016\117\233\165\065}{chapter.3}% 22
\BOOKMARK [1][-]{section.3.6}{\376\377\0003\000.\0006\000\040\000O\000p\000e\000n\000H\000a\000r\000m\000o\000n\000y\000\040\0005\000.\0000\000\040\210\301\122\152\220\002\221\115\116\016\160\347\137\125}{chapter.3}% 23
\BOOKMARK [1][-]{section.3.7}{\376\377\0003\000.\0007\000\040\147\177\172\357\135\345\121\167\116\016\117\235\215\126\136\223\147\204\136\372}{chapter.3}% 24
\BOOKMARK [1][-]{section.3.8}{\376\377\0003\000.\0008\000\040\116\011\172\357\220\350\177\162\116\016\124\057\122\250\155\101\172\013}{chapter.3}% 25
\BOOKMARK [1][-]{section.3.9}{\376\377\0003\000.\0009\000\040\167\037\147\072\214\003\213\325\176\317\232\214}{chapter.3}% 26
\BOOKMARK [0][-]{chapter.4}{\376\377\173\054\126\333\172\340\000\040\000\040\211\306\211\311\141\037\167\345\116\016\146\172\200\375\122\006\147\220}{}% 27
\BOOKMARK [1][-]{section.4.1}{\376\377\0004\000.\0001\000\040\142\200\147\057\215\357\176\277}{chapter.4}% 28
\BOOKMARK [2][-]{subsection.4.1.1}{\376\377\0004\000.\0001\000.\0001\000\040\116\044\153\265\137\017\213\373\145\160\215\357\176\277\166\204\220\011\142\351}{section.4.1}% 29
\BOOKMARK [2][-]{subsection.4.1.2}{\376\377\0004\000.\0001\000.\0002\000\040\131\004\164\006\155\101\154\064\176\277}{section.4.1}% 30
\BOOKMARK [1][-]{section.4.2}{\376\377\0004\000.\0002\000\040\201\352\136\372\145\160\143\156\226\306\116\016\152\041\127\213\213\255\176\303}{chapter.4}% 31
\BOOKMARK [1][-]{section.4.3}{\376\377\0004\000.\0003\000\040\000Y\000O\000L\000O\000v\0005\000s\000\040\116\352\210\150\150\300\155\113}{chapter.4}% 32
\BOOKMARK [1][-]{section.4.4}{\376\377\0004\000.\0004\000\040\000S\000i\000m\000p\000l\000e\000\040\000B\000a\000s\000e\000l\000i\000n\000e\000s\000\040\121\163\225\056\160\271\150\300\155\113}{chapter.4}% 33
\BOOKMARK [1][-]{section.4.5}{\376\377\0004\000.\0005\000\040\116\352\210\150\213\373\145\160\166\204\121\340\117\125\143\142\173\227}{chapter.4}% 34
\BOOKMARK [1][-]{section.4.6}{\376\377\0004\000.\0006\000\040\131\032\210\150\150\300\155\113\116\016\213\357\150\300\217\307\156\344}{chapter.4}% 35
\BOOKMARK [1][-]{section.4.7}{\376\377\0004\000.\0007\000\040\146\007\201\176\143\250\164\006\155\101\154\064\176\277}{chapter.4}% 36
\BOOKMARK [1][-]{section.4.8}{\376\377\0004\000.\0008\000\040\000D\000e\000e\000p\000S\000e\000e\000k\000\040\131\047\152\041\127\213\172\357\117\247\220\350\177\162}{chapter.4}% 37
\BOOKMARK [1][-]{section.4.9}{\376\377\0004\000.\0009\000\040\211\306\230\221\155\101\116\016\145\160\143\156\147\015\122\241\143\245\123\343}{chapter.4}% 38
\BOOKMARK [1][-]{section.4.10}{\376\377\0004\000.\0001\0000\000\040\145\160\143\156\221\307\226\306\060\001\133\130\120\250\116\016\122\006\147\220}{chapter.4}% 39
\BOOKMARK [0][-]{chapter.5}{\376\377\173\054\116\224\172\340\000\040\000\040\201\352\116\073\133\374\202\052\116\016\217\320\122\250\143\247\122\066}{}% 40
\BOOKMARK [1][-]{section.5.1}{\376\377\0005\000.\0001\000\040\133\120\174\373\176\337\176\323\147\204}{chapter.5}% 41
\BOOKMARK [1][-]{section.5.2}{\376\377\0005\000.\0002\000\040\157\300\121\111\226\367\217\276\232\161\122\250\116\016\176\337\116\000\141\037\167\345\224\376\215\357}{chapter.5}% 42
\BOOKMARK [1][-]{section.5.3}{\376\377\0005\000.\0003\000\040\000U\000D\000P\000-\000L\000C\000M\000\040\150\145\143\245\116\016\000\040\0009\000\040\133\127\202\202\143\247\122\066\123\117\213\256}{chapter.5}% 43
\BOOKMARK [1][-]{section.5.4}{\376\377\0005\000.\0004\000\040\000S\000L\000A\000M\000\040\136\372\126\376\116\016\127\060\126\376\173\241\164\006}{chapter.5}% 44
\BOOKMARK [1][-]{section.5.5}{\376\377\0005\000.\0005\000\040\133\232\117\115\116\016\117\115\131\377\146\364\145\260}{chapter.5}% 45
\BOOKMARK [1][-]{section.5.6}{\376\377\0005\000.\0006\000\040\000A\000*\000\040\121\150\134\100\211\304\122\022\116\016\000\040\000D\000W\000A\000\040\134\100\220\350\220\177\226\234}{chapter.5}% 46
\BOOKMARK [1][-]{section.5.7}{\376\377\0005\000.\0007\000\040\121\150\211\206\166\326\215\357\137\204\211\304\122\022\116\016\131\032\147\072\122\006\123\072\142\147\210\114}{chapter.5}% 47
\BOOKMARK [1][-]{section.5.8}{\376\377\0005\000.\0008\000\040\217\146\225\364\123\117\124\014\220\177\226\234\000\040\000C\000O\000O\000P\000\137\000A\000V\000O\000I\000D}{chapter.5}% 48
\BOOKMARK [1][-]{section.5.9}{\376\377\0005\000.\0009\000\040\135\356\220\037\217\156\143\247\122\066\116\016\116\062\123\343\133\211\121\150}{chapter.5}% 49
\BOOKMARK [1][-]{section.5.10}{\376\377\0005\000.\0001\0000\000\040\217\320\210\114\162\266\140\001\173\241\164\006\116\016\143\245\123\343\217\271\165\114}{chapter.5}% 50
\BOOKMARK [0][-]{chapter.6}{\376\377\173\054\121\155\172\340\000\040\000\040\131\032\147\072\123\117\124\014}{}% 51
\BOOKMARK [1][-]{section.6.1}{\376\377\0006\000.\0001\000\040\123\117\124\014\127\072\146\157\116\016\213\276\213\241\220\011\142\351}{chapter.6}% 52
\BOOKMARK [1][-]{section.6.2}{\376\377\0006\000.\0002\000\040\122\006\136\003\137\017\217\157\140\073\176\277\166\204\116\011\134\102\200\375\122\233}{chapter.6}% 53
\BOOKMARK [1][-]{section.6.3}{\376\377\0006\000.\0003\000\040\000F\000l\000e\000e\000t\000M\000i\000s\000s\000i\000o\000n\000\040\121\161\116\253\116\373\122\241\236\321\147\177}{chapter.6}% 54
\BOOKMARK [1][-]{section.6.4}{\376\377\0006\000.\0004\000\040\213\276\131\007\116\222\117\341\116\016\000\040\000P\000I\000N\000\040\213\244\213\301}{chapter.6}% 55
\BOOKMARK [1][-]{section.6.5}{\376\377\0006\000.\0005\000\040\217\146\217\175\145\340\165\114\227\142\000\040\000a\000g\000e\000n\000t}{chapter.6}% 56
\BOOKMARK [1][-]{section.6.6}{\376\377\0006\000.\0006\000\040\123\314\217\146\122\006\123\072\211\206\166\326\116\016\123\117\124\014\220\177\226\234}{chapter.6}% 57
\BOOKMARK [0][-]{chapter.7}{\376\377\173\054\116\003\172\340\000\040\000\040\136\163\147\177\143\247\122\066\136\224\165\050}{}% 58
\BOOKMARK [1][-]{section.7.1}{\376\377\0007\000.\0001\000\040\136\224\165\050\140\073\117\123\147\266\147\204}{chapter.7}% 59
\BOOKMARK [1][-]{section.7.2}{\376\377\0007\000.\0002\000\040\176\337\116\000\117\040\217\223\134\102\116\016\131\032\217\146\117\335\155\073}{chapter.7}% 60
\BOOKMARK [1][-]{section.7.3}{\376\377\0007\000.\0003\000\040\127\060\126\376\156\062\147\323\116\016\127\120\150\007\143\142\173\227}{chapter.7}% 61
\BOOKMARK [1][-]{section.7.4}{\376\377\0007\000.\0004\000\040\211\306\230\221\155\101\116\016\213\373\145\160\134\125\171\072}{chapter.7}% 62
\BOOKMARK [1][-]{section.7.5}{\376\377\0007\000.\0005\000\040\116\373\122\241\177\026\143\222\116\016\116\244\116\222\213\276\213\241}{chapter.7}% 63
\BOOKMARK [0][-]{chapter.8}{\376\377\173\054\121\153\172\340\000\040\000\040\140\047\200\375\117\030\123\026}{}% 64
\BOOKMARK [1][-]{section.8.1}{\376\377\0008\000.\0001\000\040\145\160\143\156\220\032\215\357\116\016\164\366\230\210\133\232\117\115}{chapter.8}% 65
\BOOKMARK [1][-]{section.8.2}{\376\377\0008\000.\0002\000\040\127\060\126\376\117\115\142\123\123\005\123\213\177\051\377\010\000Z\000M\000A\000P\0001\377\011}{chapter.8}% 66
\BOOKMARK [1][-]{section.8.3}{\376\377\0008\000.\0003\000\040\143\250\164\006\155\101\154\064\176\277\143\320\220\037}{chapter.8}% 67
\BOOKMARK [1][-]{section.8.4}{\376\377\0008\000.\0004\000\040\172\357\122\060\172\357\140\047\200\375\143\007\150\007}{chapter.8}% 68
\BOOKMARK [0][-]{chapter.9}{\376\377\173\054\116\135\172\340\000\040\000\040\174\373\176\337\217\320\210\114\133\236\155\113}{}% 69
\BOOKMARK [1][-]{section.9.1}{\376\377\0009\000.\0001\000\040\201\352\116\073\136\372\126\376\116\016\133\374\202\052\133\236\155\113}{chapter.9}% 70
\BOOKMARK [1][-]{section.9.2}{\376\377\0009\000.\0002\000\040\121\150\211\206\166\326\220\115\123\206\133\236\155\113}{chapter.9}% 71
\BOOKMARK [1][-]{section.9.3}{\376\377\0009\000.\0003\000\040\116\352\210\150\213\306\122\053\174\276\136\246\116\016\133\236\145\366\140\047}{chapter.9}% 72
\BOOKMARK [1][-]{section.9.4}{\376\377\0009\000.\0004\000\040\000D\000e\000e\000p\000S\000e\000e\000k\000\040\172\357\117\247\122\006\147\220\133\236\155\113}{chapter.9}% 73
\BOOKMARK [1][-]{section.9.5}{\376\377\0009\000.\0005\000\040\131\032\147\072\123\117\124\014\133\236\155\113}{chapter.9}% 74
\BOOKMARK [0][-]{chapter.10}{\376\377\173\054\123\101\172\340\000\040\000\040\122\033\145\260\160\271}{}% 75
\BOOKMARK [1][-]{section.10.1}{\376\377\0001\0000\000.\0001\000\040\122\033\145\260\160\271\140\073\211\310}{chapter.10}% 76
\BOOKMARK [1][-]{section.10.2}{\376\377\0001\0000\000.\0002\000\040\126\375\116\247\123\026\116\016\201\352\116\073\123\357\143\247}{chapter.10}% 77
\BOOKMARK [1][-]{section.10.3}{\376\377\0001\0000\000.\0003\000\040\137\002\147\204\147\266\147\204\116\016\220\032\117\341\123\117\213\256\213\276\213\241}{chapter.10}% 78
\BOOKMARK [2][-]{subsection.10.3.1}{\376\377\0001\0000\000.\0003\000.\0001\000\040\123\314\123\125\121\103\162\151\164\006\211\343\200\046\147\266\147\204}{section.10.3}% 79
\BOOKMARK [2][-]{subsection.10.3.2}{\376\377\0001\0000\000.\0003\000.\0002\000\040\126\333\134\102\220\032\117\341\145\271\137\017\116\016\000\040\0009\000\040\133\127\202\202\143\247\122\066\123\117\213\256}{section.10.3}% 80
\BOOKMARK [2][-]{subsection.10.3.3}{\376\377\0001\0000\000.\0003\000.\0003\000\040\000Z\000M\000A\000P\0001\000\040\117\115\142\123\123\005\123\213\177\051\127\060\126\376}{section.10.3}% 81
\BOOKMARK [1][-]{section.10.4}{\376\377\0001\0000\000.\0004\000\040\201\352\116\073\133\374\202\052\173\227\154\325\224\376}{chapter.10}% 82
\BOOKMARK [2][-]{subsection.10.4.1}{\376\377\0001\0000\000.\0004\000.\0001\000\040\131\032\122\006\217\250\163\207\142\153\143\317\123\071\221\115\000\040\000S\000L\000A\000M}{section.10.4}% 83
\BOOKMARK [2][-]{subsection.10.4.2}{\376\377\0001\0000\000.\0004\000.\0002\000\040\000K\000L\000D\000\040\201\352\220\002\136\224\174\222\133\120\156\344\154\342\133\232\117\115}{section.10.4}% 84
\BOOKMARK [2][-]{subsection.10.4.3}{\376\377\0001\0000\000.\0004\000.\0003\000\040\000A\000*\000\040\116\343\116\367\211\304\122\022\116\016\000\040\000D\000W\000A\000\040\134\100\220\350\220\177\226\234}{section.10.4}% 85
\BOOKMARK [2][-]{subsection.10.4.4}{\376\377\0001\0000\000.\0004\000.\0004\000\040\131\032\173\126\165\145\121\150\211\206\166\326\215\357\137\204\211\304\122\022}{section.10.4}% 86
\BOOKMARK [1][-]{section.10.5}{\376\377\0001\0000\000.\0005\000\040\131\032\147\072\123\117\124\014\122\033\145\260}{chapter.10}% 87
\BOOKMARK [2][-]{subsection.10.5.1}{\376\377\0001\0000\000.\0005\000.\0001\000\040\000D\000D\000O\000\040\121\161\116\253\116\373\122\241\236\321\147\177}{section.10.5}% 88
\BOOKMARK [2][-]{subsection.10.5.2}{\376\377\0001\0000\000.\0005\000.\0002\000\040\136\102\173\111\166\204\217\146\217\175\123\117\124\014\000\040\000a\000g\000e\000n\000t}{section.10.5}% 89
\BOOKMARK [2][-]{subsection.10.5.3}{\376\377\0001\0000\000.\0005\000.\0003\000\040\172\172\225\364\122\006\123\072\116\016\000\040\000C\000O\000O\000P\000\137\000A\000V\000O\000I\000D\000\040\123\117\124\014\220\177\226\234}{section.10.5}% 90
\BOOKMARK [1][-]{section.10.6}{\376\377\0001\0000\000.\0006\000\040\211\306\211\311\116\016\172\357\117\247\131\047\152\041\127\213\166\204\176\323\124\010}{chapter.10}% 91
\BOOKMARK [2][-]{subsection.10.6.1}{\376\377\0001\0000\000.\0006\000.\0001\000\040\116\044\153\265\137\017\123\357\211\343\221\312\213\373\145\160\215\357\176\277}{section.10.6}% 92
\BOOKMARK [2][-]{subsection.10.6.2}{\376\377\0001\0000\000.\0006\000.\0002\000\040\211\306\211\311\116\016\131\047\152\041\127\213\122\006\145\366\121\161\116\253\000\040\000N\000P\000U}{section.10.6}% 93
\BOOKMARK [2][-]{subsection.10.6.3}{\376\377\0001\0000\000.\0006\000.\0003\000\040\172\357\117\247\131\047\152\041\127\213\135\345\172\013\123\026}{section.10.6}% 94
\BOOKMARK [0][-]{chapter.11}{\376\377\173\054\123\101\116\000\172\340\000\040\000\040\166\370\121\163\135\345\117\134\116\016\133\371\153\324}{}% 95
\BOOKMARK [1][-]{section.11.1}{\376\377\0001\0001\000.\0001\000\040\163\260\147\011\145\271\150\110\151\202\121\265}{chapter.11}% 96
\BOOKMARK [1][-]{section.11.2}{\376\377\0001\0001\000.\0002\000\040\142\200\147\057\176\364\136\246\133\371\153\324}{chapter.11}% 97
\BOOKMARK [1][-]{section.11.3}{\376\377\0001\0001\000.\0003\000\040\135\356\137\002\123\026\162\171\137\201}{chapter.11}% 98
\BOOKMARK [1][-]{section.11.4}{\376\377\0001\0001\000.\0004\000\040\145\077\173\126\131\121\124\010\136\246}{chapter.11}% 99
\BOOKMARK [0][-]{chapter.12}{\376\377\173\054\123\101\116\214\172\340\000\040\000\040\140\073\176\323\116\016\134\125\147\033}{}% 100
\BOOKMARK [1][-]{section.12.1}{\376\377\0001\0002\000.\0001\000\040\135\345\117\134\140\073\176\323}{chapter.12}% 101
\BOOKMARK [1][-]{section.12.2}{\376\377\0001\0002\000.\0002\000\040\134\100\226\120\140\047\116\016\145\071\217\333\145\271\124\021}{chapter.12}% 102
\BOOKMARK [1][-]{section.12.3}{\376\377\0001\0002\000.\0003\000\040\124\016\176\355\170\024\172\166\145\271\124\021}{chapter.12}% 103
\BOOKMARK [0][-]{chapter*.43}{\376\377\123\302\200\003\145\207\163\056}{}% 104
\BOOKMARK [0][-]{chapter.A}{\376\377\226\104\137\125\000\040\000A\000\040\000\040\147\057\213\355\210\150}{}% 105
